\BOOKMARK [1][-]{section.1}{\376\377\000P\000e\000t\000a\000\040\000K\000o\000n\000s\000e\000p\000\040\000\046\000\040\000P\000o\000s\000i\000s\000i\000\040\000M\000o\000d\000u\000l\000\040\000d\000a\000l\000a\000m\000\040\000K\000u\000r\000i\000k\000u\000l\000u\000m}{}% 1
\BOOKMARK [1][-]{section.2}{\376\377\000P\000e\000n\000d\000a\000h\000u\000l\000u\000a\000n\000\040\000\046\000\040\000F\000i\000l\000o\000s\000o\000f\000i\000\040\000F\000i\000s\000i\000k\000a\000:\000\040\000K\000o\000n\000s\000e\000p\000\040\000F\000r\000e\000k\000u\000e\000n\000s\000i\000\040\000K\000o\000m\000p\000l\000e\000k\000s\000\040\000s}{}% 2
\BOOKMARK [1][-]{section.3}{\376\377\000D\000e\000f\000i\000n\000i\000s\000i\000\040\000F\000o\000r\000m\000a\000l\000,\000\040\000S\000y\000a\000r\000a\000t\000\040\000E\000k\000s\000i\000s\000t\000e\000n\000s\000i\000\040\000\046\000\040\000W\000i\000l\000a\000y\000a\000h\000\040\000K\000o\000n\000v\000e\000r\000g\000e\000n\000s\000i\000\040\000\050\000R\000O\000C\000\051}{}% 3
\BOOKMARK [2][-]{subsection.3.1}{\376\377\000D\000e\000f\000i\000n\000i\000s\000i\000\040\000I\000n\000t\000e\000g\000r\000a\000l\000\040\000L\000a\000p\000l\000a\000c\000e\000\040\000U\000n\000i\000l\000a\000t\000e\000r\000a\000l}{section.3}% 4
\BOOKMARK [2][-]{subsection.3.2}{\376\377\000T\000e\000o\000r\000e\000m\000a\000\040\000E\000k\000s\000i\000s\000t\000e\000n\000s\000i\000\040\000\046\000\040\000S\000y\000a\000r\000a\000t\000\040\000K\000e\000c\000u\000k\000u\000p\000a\000n}{section.3}% 5
\BOOKMARK [2][-]{subsection.3.3}{\376\377\000W\000i\000l\000a\000y\000a\000h\000\040\000K\000o\000n\000v\000e\000r\000g\000e\000n\000s\000i\000\040\000\050\000R\000e\000g\000i\000o\000n\000\040\000o\000f\000\040\000C\000o\000n\000v\000e\000r\000g\000e\000n\000c\000e\000\040\000/\000\040\000R\000O\000C\000\051}{section.3}% 6
\BOOKMARK [1][-]{section.4}{\376\377\000P\000e\000n\000u\000r\000u\000n\000a\000n\000\040\000P\000a\000s\000a\000n\000g\000a\000n\000\040\000T\000r\000a\000n\000s\000f\000o\000r\000m\000a\000s\000i\000\040\000L\000a\000p\000l\000a\000c\000e\000\040\000F\000u\000n\000g\000s\000i\000\040\000E\000l\000e\000m\000e\000n\000t\000e\000r}{}% 7
\BOOKMARK [2][-]{subsection.4.1}{\376\377\000F\000u\000n\000g\000s\000i\000\040\000K\000o\000n\000s\000t\000a\000n\000t\000a\000\040\000S\000a\000t\000u\000a\000n\000:\000\040\000f\000\050\000t\000\051\000\040\000=\000\040\0001}{section.4}% 8
\BOOKMARK [2][-]{subsection.4.2}{\376\377\000F\000u\000n\000g\000s\000i\000\040\000E\000k\000s\000p\000o\000n\000e\000n\000s\000i\000a\000l\000:\000\040\000f\000\050\000t\000\051\000\040\000=\000\040\000e\000x\000p\000\050\000a\000t\000\051}{section.4}% 9
\BOOKMARK [2][-]{subsection.4.3}{\376\377\000F\000u\000n\000g\000s\000i\000\040\000P\000a\000n\000g\000k\000a\000t\000\040\000/\000\040\000R\000a\000m\000p\000:\000\040\000f\000\050\000t\000\051\000\040\000=\000\040\000t\000\136\000n\000\040\000\050\000n\000\040\000i\000n\000\040\000N\000\051}{section.4}% 10
\BOOKMARK [2][-]{subsection.4.4}{\376\377\000F\000u\000n\000g\000s\000i\000\040\000S\000i\000n\000u\000s\000o\000i\000d\000a\000l\000:\000\040\000f\000\050\000t\000\051\000\040\000=\000\040\000c\000o\000s\000\050\000o\000m\000e\000g\000a\000\040\000t\000\051\000\040\000d\000a\000n\000\040\000f\000\050\000t\000\051\000\040\000=\000\040\000s\000i\000n\000\050\000o\000m\000e\000g\000a\000\040\000t\000\051}{section.4}% 11
\BOOKMARK [2][-]{subsection.4.5}{\376\377\000T\000a\000b\000e\000l\000\040\000P\000a\000s\000a\000n\000g\000a\000n\000\040\000T\000r\000a\000n\000s\000f\000o\000r\000m\000a\000s\000i\000\040\000L\000a\000p\000l\000a\000c\000e\000\040\000B\000a\000k\000u}{section.4}% 12
\BOOKMARK [1][-]{section.5}{\376\377\000F\000u\000n\000g\000s\000i\000\040\000K\000h\000u\000s\000u\000s\000\040\000R\000e\000k\000a\000y\000a\000s\000a\000:\000\040\000T\000a\000n\000g\000g\000a\000\040\000H\000e\000a\000v\000i\000s\000i\000d\000e\000\040\000\046\000\040\000I\000m\000p\000u\000l\000s\000\040\000D\000i\000r\000a\000c}{}% 13
\BOOKMARK [2][-]{subsection.5.1}{\376\377\000F\000u\000n\000g\000s\000i\000\040\000T\000a\000n\000g\000g\000a\000\040\000S\000a\000t\000u\000a\000n\000\040\000H\000e\000a\000v\000i\000s\000i\000d\000e\000:\000\040\000P\000e\000m\000o\000d\000e\000l\000a\000n\000\040\000A\000k\000s\000i\000\040\000P\000e\000n\000s\000a\000k\000l\000a\000r\000a\000n}{section.5}% 14
\BOOKMARK [2][-]{subsection.5.2}{\376\377\000F\000u\000n\000g\000s\000i\000\040\000I\000m\000p\000u\000l\000s\000\040\000D\000i\000r\000a\000c\000:\000\040\000P\000e\000m\000o\000d\000e\000l\000a\000n\000\040\000S\000u\000r\000j\000a\000\040\000P\000e\000t\000i\000r\000\040\000\046\000\040\000I\000m\000p\000u\000l\000s\000\040\000T\000r\000a\000n\000s\000i\000e\000n}{section.5}% 15
\BOOKMARK [1][-]{section.6}{\376\377\000T\000e\000o\000r\000e\000m\000a\000-\000T\000e\000o\000r\000e\000m\000a\000\040\000O\000p\000e\000r\000a\000s\000i\000o\000n\000a\000l\000\040\000F\000u\000n\000d\000a\000m\000e\000n\000t\000a\000l}{}% 16
\BOOKMARK [2][-]{subsection.6.1}{\376\377\000S\000i\000f\000a\000t\000\040\000L\000i\000n\000i\000e\000r\000i\000t\000a\000s}{section.6}% 17
\BOOKMARK [2][-]{subsection.6.2}{\376\377\000T\000e\000o\000r\000e\000m\000a\000\040\000P\000e\000r\000g\000e\000s\000e\000r\000a\000n\000\040\000P\000e\000r\000t\000a\000m\000a\000\040\000\050\000T\000r\000a\000n\000s\000l\000a\000s\000i\000\040\000p\000a\000d\000a\000\040\000S\000u\000m\000b\000u\000-\000s\000\051}{section.6}% 18
\BOOKMARK [2][-]{subsection.6.3}{\376\377\000T\000e\000o\000r\000e\000m\000a\000\040\000P\000e\000r\000g\000e\000s\000e\000r\000a\000n\000\040\000K\000e\000d\000u\000a\000\040\000\050\000T\000r\000a\000n\000s\000l\000a\000s\000i\000\040\000p\000a\000d\000a\000\040\000S\000u\000m\000b\000u\000-\000t\000\040\000/\000\040\000W\000a\000k\000t\000u\000\051}{section.6}% 19
\BOOKMARK [1][-]{section.7}{\376\377\000T\000r\000a\000n\000s\000f\000o\000r\000m\000a\000s\000i\000\040\000T\000u\000r\000u\000n\000a\000n\000\040\000\046\000\040\000I\000n\000t\000e\000g\000r\000a\000l\000:\000\040\000M\000e\000n\000j\000i\000n\000a\000k\000k\000a\000n\000\040\000P\000D\000B}{}% 20
\BOOKMARK [2][-]{subsection.7.1}{\376\377\000T\000e\000o\000r\000e\000m\000a\000\040\000T\000r\000a\000n\000s\000f\000o\000r\000m\000a\000s\000i\000\040\000T\000u\000r\000u\000n\000a\000n\000\040\000P\000e\000r\000t\000a\000m\000a}{section.7}% 21
\BOOKMARK [2][-]{subsection.7.2}{\376\377\000T\000e\000o\000r\000e\000m\000a\000\040\000T\000r\000a\000n\000s\000f\000o\000r\000m\000a\000s\000i\000\040\000T\000u\000r\000u\000n\000a\000n\000\040\000O\000r\000d\000e\000\040\000T\000i\000n\000g\000g\000i}{section.7}% 22
\BOOKMARK [2][-]{subsection.7.3}{\376\377\000T\000e\000o\000r\000e\000m\000a\000\040\000T\000r\000a\000n\000s\000f\000o\000r\000m\000a\000s\000i\000\040\000I\000n\000t\000e\000g\000r\000a\000l}{section.7}% 23
\BOOKMARK [1][-]{section.8}{\376\377\000S\000t\000u\000d\000i\000\040\000K\000a\000s\000u\000s\000\040\000I\000n\000d\000u\000s\000t\000r\000i\000:\000\040\000P\000e\000m\000o\000d\000e\000l\000a\000n\000\040\000S\000u\000r\000j\000a\000\040\000P\000e\000t\000i\000r\000\040\000S\000t\000a\000n\000d\000a\000r\000\040\000I\000E\000C\000\040\0006\0000\0000\0006\0000\000-\0001\000\040\000/\000\040\000I\000E\000E\000E\000\040\000S\000t\000d\000\040\0004}{}% 24
\BOOKMARK [1][-]{section.9}{\376\377\000C\000o\000n\000t\000o\000h\000\040\000S\000o\000a\000l\000\040\000T\000e\000r\000h\000i\000t\000u\000n\000g\000\040\000N\000u\000m\000e\000r\000i\000k\000\040\000L\000a\000n\000g\000k\000a\000h\000\040\000d\000e\000m\000i\000\040\000L\000a\000n\000g\000k\000a\000h}{}% 25
\BOOKMARK [1][-]{section.10}{\376\377\000P\000r\000a\000k\000t\000i\000k\000u\000m\000\040\000K\000o\000m\000p\000u\000t\000a\000s\000i\000\040\000N\000u\000m\000e\000r\000i\000k\000\040\000T\000e\000r\000b\000u\000k\000a\000\040\000B\000e\000r\000b\000a\000s\000i\000s\000\040\000J\000u\000l\000i\000a}{}% 26
\BOOKMARK [2][-]{subsection.10.1}{\376\377\000S\000k\000r\000i\000p\000\040\000K\000o\000m\000p\000u\000t\000a\000s\000i\000:\000\040\000P\000e\000m\000e\000t\000a\000a\000n\000\040\000B\000i\000d\000a\000n\000g\000-\000s\000\040\000\046\000\040\000R\000e\000s\000p\000o\000n\000\040\000I\000m\000p\000u\000l\000s}{section.10}% 27
\BOOKMARK [1][-]{section.11}{\376\377\000E\000v\000a\000l\000u\000a\000s\000i\000\040\000\046\000\040\000B\000a\000n\000k\000\040\000S\000o\000a\000l\000\040\000T\000e\000r\000s\000t\000r\000u\000k\000t\000u\000r\000\040\000T\000a\000k\000s\000o\000n\000o\000m\000i\000\040\000B\000l\000o\000o\000m\000\040\000\050\000C\0001\000\040\000s\000.\000d\000.\000\040\000C\0006\000\051}{}% 28
\BOOKMARK [1][-]{section.12}{\376\377\000R\000a\000n\000g\000k\000u\000m\000a\000n\000\040\000\046\000\040\000G\000l\000o\000s\000a\000r\000i\000u\000m\000\040\000I\000s\000t\000i\000l\000a\000h\000\040\000T\000e\000k\000n\000i\000s}{}% 29
\BOOKMARK [2][-]{subsection.12.1}{\376\377\000R\000a\000n\000g\000k\000u\000m\000a\000n\000\040\000I\000n\000t\000i}{section.12}% 30
\BOOKMARK [2][-]{subsection.12.2}{\376\377\000G\000l\000o\000s\000a\000r\000i\000u\000m\000\040\000I\000s\000t\000i\000l\000a\000h\000\040\000T\000e\000k\000n\000i\000s}{section.12}% 31
\BOOKMARK [1][-]{section.13}{\376\377\000R\000e\000f\000e\000r\000e\000n\000s\000i\000\040\000S\000t\000a\000n\000d\000a\000r\000\040\000I\000n\000d\000u\000s\000t\000r\000i\000\040\000\046\000\040\000B\000u\000k\000u\000\040\000T\000e\000k\000s\000\040\000A\000c\000u\000a\000n}{}% 32
